[33mΓ¥»[39m Building...
[32mΓ£ö[39m Building...
[1mInitial chunk files[22m                                               [2m | [22m[1mNames[22m                                                          [2m | [22m [1mRaw size[22m
[32mchunk-GZ7O2KXO.js[39m                                                 [2m | [22m[2m-[22m                                                              [2m | [22m  [36m1.12 MB[39m[2m | [22m
[32mchunk-A4XURHCB.js[39m                                                 [2m | [22m[2m-[22m                                                              [2m | [22m  [36m1.07 MB[39m[2m | [22m
[32mpolyfills.js[39m                                                      [2m | [22m[2mpolyfills[22m                                                      [2m | [22m[36m998.98 kB[39m[2m | [22m
[32mstyles.css[39m                                                        [2m | [22m[2mstyles[22m                                                         [2m | [22m[36m514.27 kB[39m[2m | [22m
[32mchunk-HJ7LLU6H.js[39m                                                 [2m | [22m[2m-[22m                                                              [2m | [22m[36m265.36 kB[39m[2m | [22m
[32mchunk-5RSFLIC3.js[39m                                                 [2m | [22m[2m-[22m                                                              [2m | [22m[36m217.74 kB[39m[2m | [22m
[32mspec-app-landing-landing.component.spec.js[39m                        [2m | [22m[2mspec-app-landing-landing.component.spec[22m                        [2m | [22m[36m188.66 kB[39m[2m | [22m
[32mchunk-7YUWFO5I.js[39m                                                 [2m | [22m[2m-[22m                                                              [2m | [22m[36m178.25 kB[39m[2m | [22m
[32mchunk-TGTXUSQC.js[39m                                                 [2m | [22m[2m-[22m                                                              [2m | [22m[36m173.12 kB[39m[2m | [22m
[32mchunk-CQNVOSIP.js[39m                                                 [2m | [22m[2m-[22m                                                              [2m | [22m[36m172.63 kB[39m[2m | [22m
[32mscripts.js[39m                                                        [2m | [22m[2mscripts[22m                                                        [2m | [22m[36m108.06 kB[39m[2m | [22m
[32mchunk-RPI3H4UJ.js[39m                                                 [2m | [22m[2m-[22m                                                              [2m | [22m [36m84.17 kB[39m[2m | [22m
[32mchunk-AACBHRQZ.js[39m                                                 [2m | [22m[2m-[22m                                                              [2m | [22m [36m78.31 kB[39m[2m | [22m
[32mchunk-VFPB4I7L.js[39m                                                 [2m | [22m[2m-[22m                                                              [2m | [22m [36m70.33 kB[39m[2m | [22m
[32mjasmine-cleanup-1.js[39m                                              [2m | [22m[2mjasmine-cleanup-1[22m                                              [2m | [22m [36m67.20 kB[39m[2m | [22m
[32mchunk-H2FQ7UKV.js[39m                                                 [2m | [22m[2m-[22m                                                              [2m | [22m [36m54.69 kB[39m[2m | [22m
[32mchunk-PWGVM4EU.js[39m                                                 [2m | [22m[2m-[22m                                                              [2m | [22m [36m37.56 kB[39m[2m | [22m
[32mchunk-6QEQVPFU.js[39m                                                 [2m | [22m[2m-[22m                                                              [2m | [22m [36m37.15 kB[39m[2m | [22m
[32mchunk-37FBNF46.js[39m                                                 [2m | [22m[2m-[22m                                                              [2m | [22m [36m29.93 kB[39m[2m | [22m
[32mchunk-OWB3VSJT.js[39m                                                 [2m | [22m[2m-[22m                                                              [2m | [22m [36m28.98 kB[39m[2m | [22m
[32mtest_main.js[39m                                                      [2m | [22m[2mtest_main[22m                                                      [2m | [22m [36m22.23 kB[39m[2m | [22m
[32mspec-app-login-register-login-register.component.spec.js[39m          [2m | [22m[2mspec-app-login-register-login-register.component.spec[22m          [2m | [22m [36m21.81 kB[39m[2m | [22m
[32mchunk-5YGGRSQU.js[39m                                                 [2m | [22m[2m-[22m                                                              [2m | [22m [36m18.88 kB[39m[2m | [22m
[32mspec-app-create-blog-create-blog.component.spec.js[39m                [2m | [22m[2mspec-app-create-blog-create-blog.component.spec[22m                [2m | [22m  [36m9.08 kB[39m[2m | [22m
[32mspec-app-show-blog-show-blog.component.spec.js[39m                    [2m | [22m[2mspec-app-show-blog-show-blog.component.spec[22m                    [2m | [22m  [36m6.36 kB[39m[2m | [22m
[32mchunk-O76QEXRV.js[39m                                                 [2m | [22m[2m-[22m                                                              [2m | [22m  [36m5.80 kB[39m[2m | [22m
[32mchunk-7ZADN7C3.js[39m                                                 [2m | [22m[2m-[22m                                                              [2m | [22m  [36m5.75 kB[39m[2m | [22m
[32mchunk-VEBHPDPD.js[39m                                                 [2m | [22m[2m-[22m                                                              [2m | [22m  [36m4.09 kB[39m[2m | [22m
[32mspec-app-app.component.spec.js[39m                                    [2m | [22m[2mspec-app-app.component.spec[22m                                    [2m | [22m  [36m3.65 kB[39m[2m | [22m
[32mchunk-ANVGVP45.js[39m                                                 [2m | [22m[2m-[22m                                                              [2m | [22m  [36m3.02 kB[39m[2m | [22m
[32mchunk-BGOPYZZJ.js[39m                                                 [2m | [22m[2m-[22m                                                              [2m | [22m  [36m1.90 kB[39m[2m | [22m
[32mspec-app-confirmation-dialog-confirmation-dialog.component.spec.js[39m[2m | [22m[2mspec-app-confirmation-dialog-confirmation-dialog.component.spec[22m[2m | [22m  [36m1.41 kB[39m[2m | [22m
[32mspec-app-header-header.component.spec.js[39m                          [2m | [22m[2mspec-app-header-header.component.spec[22m                          [2m | [22m  [36m1.39 kB[39m[2m | [22m
[32mspec-app-footer-footer.component.spec.js[39m                          [2m | [22m[2mspec-app-footer-footer.component.spec[22m                          [2m | [22m  [36m1.06 kB[39m[2m | [22m
[32mspec-app-guard-auth.guard.spec.js[39m                                 [2m | [22m[2mspec-app-guard-auth.guard.spec[22m                                 [2m | [22m  [36m1.03 kB[39m[2m | [22m
[32mchunk-P34CINLJ.js[39m                                                 [2m | [22m[2m-[22m                                                              [2m | [22m[36m672 bytes[39m[2m | [22m
[32mspec-app-service-blog.service.spec.js[39m                             [2m | [22m[2mspec-app-service-blog.service.spec[22m                             [2m | [22m[36m665 bytes[39m[2m | [22m
[32mspec-app-service-auth.service.spec.js[39m                             [2m | [22m[2mspec-app-service-auth.service.spec[22m                             [2m | [22m[36m665 bytes[39m[2m | [22m
[32mjasmine-cleanup-0.js[39m                                              [2m | [22m[2mjasmine-cleanup-0[22m                                              [2m | [22m[36m519 bytes[39m[2m | [22m
[32mchunk-ASWIGY6U.js[39m                                                 [2m | [22m[2m-[22m                                                              [2m | [22m[36m429 bytes[39m[2m | [22m
[32mspec-app-pipes-paragraph.pipe.spec.js[39m                             [2m | [22m[2mspec-app-pipes-paragraph.pipe.spec[22m                             [2m | [22m[36m413 bytes[39m[2m | [22m

[1m [22m                                                                 [2m | [22m[1mInitial total[22m                                                  [2m | [22m  [1m5.61 MB[22m

Application bundle generation complete. [3.548 seconds] - 2026-01-28T18:34:22.032Z

[32m29 01 2026 00:04:22.303:INFO [karma-server]: [39mKarma v6.4.4 server started at http://localhost:9877/
[32m29 01 2026 00:04:22.305:INFO [launcher]: [39mLaunching browsers ChromeHeadless with concurrency unlimited
[32m29 01 2026 00:04:22.323:INFO [launcher]: [39mStarting browser ChromeHeadless
[32m29 01 2026 00:04:23.674:INFO [Chrome Headless 144.0.0.0 (Windows 10)]: [39mConnected on socket dLY5JU2Wg2X7QCG4AAAB with id 65206406
Chrome Headless 144.0.0.0 (Windows 10): Executed 0 of 14[32m SUCCESS[39m (0 secs / 0 secs)
[1A[2K[31mChrome Headless 144.0.0.0 (Windows 10) ConfirmationDialogComponent should create FAILED[39m
	╔╡NotFound: NG0201: No provider found for `InjectionToken MatMdcDialogData`. Source: DynamicTestModule. Find more at https://v21.angular.dev/errors/NG0201
	error properties: Object({ code: -201, ngErrorCode: -201, ngErrorMessage: 'No provider found for `InjectionToken MatMdcDialogData`.', ngTokenPath: [ 'InjectionToken MatMdcDialogData' ] })
	╔╡NotFound: NG0201: No provider found for `InjectionToken MatMdcDialogData`. Source: DynamicTestModule. Find more at https://v21.angular.dev/errors/NG0201
	    at createRuntimeError (node_modules/@angular/core/fesm2022/_untracked-chunk.mjs:600:17)
	    at NullInjector.get (node_modules/@angular/core/fesm2022/_untracked-chunk.mjs:881:21)
	    at R3Injector.get (node_modules/@angular/core/fesm2022/_untracked-chunk.mjs:1206:27)
	    at R3Injector.get (node_modules/@angular/core/fesm2022/_untracked-chunk.mjs:1206:27)
	    at ChainedInjector.get (node_modules/@angular/core/fesm2022/_debug_node-chunk.mjs:7493:32)
	    at lookupTokenUsingModuleInjector (node_modules/@angular/core/fesm2022/_debug_node-chunk.mjs:890:31)
	    at getOrCreateInjectable (node_modules/@angular/core/fesm2022/_debug_node-chunk.mjs:913:10)
	    at ╔╡╔╡directiveInject (node_modules/@angular/core/fesm2022/_debug_node-chunk.mjs:7527:17)
	    at NodeInjectorFactory.ConfirmationDialogComponent2_Factory [as factory] (ng:///ConfirmationDialogComponent2/╔╡fac.js:4:72)
	    at getNodeInjectable (node_modules/@angular/core/fesm2022/_debug_node-chunk.mjs:1043:38)
Chrome Headless 144.0.0.0 (Windows 10): Executed 1 of 14[31m (1 FAILED)[39m (0 secs / 0.224 secs)
[1A[2K[31mChrome Headless 144.0.0.0 (Windows 10) LoginRegisterComponent should create FAILED[39m
	╔╡NotFound: NG0201: No provider found for `InjectionToken ToastConfig`. Source: Standalone[LoginRegisterComponent2]. Path: _ToastrService -> InjectionToken ToastConfig. Find more at https://v21.angular.dev/errors/NG0201
	error properties: Object({ code: -201, ngErrorCode: -201, ngErrorMessage: 'No provider found for `InjectionToken ToastConfig`.', ngTokenPath: [ '_ToastrService', 'InjectionToken ToastConfig' ] })
	╔╡NotFound: NG0201: No provider found for `InjectionToken ToastConfig`. Source: Standalone[LoginRegisterComponent2]. Path: _ToastrService -> InjectionToken ToastConfig. Find more at https://v21.angular.dev/errors/NG0201
	    at createRuntimeError (node_modules/@angular/core/fesm2022/_untracked-chunk.mjs:600:17)
	    at NullInjector.get (node_modules/@angular/core/fesm2022/_untracked-chunk.mjs:881:21)
	    at R3Injector.get (node_modules/@angular/core/fesm2022/_untracked-chunk.mjs:1206:27)
	    at R3Injector.get (node_modules/@angular/core/fesm2022/_untracked-chunk.mjs:1206:27)
	    at R3Injector.retrieve (node_modules/@angular/core/fesm2022/_untracked-chunk.mjs:1116:19)
	    at injectInjectorOnly (node_modules/@angular/core/fesm2022/_untracked-chunk.mjs:670:35)
	    at ╔╡╔╡inject (node_modules/@angular/core/fesm2022/_untracked-chunk.mjs:682:40)
	    at Object._ToastrService_Factory [as factory] (ng:///_ToastrService/╔╡fac.js:4:58)
	    at node_modules/@angular/core/fesm2022/_untracked-chunk.mjs:1311:35
	    at runInInjectorProfilerContext (node_modules/@angular/core/fesm2022/_untracked-chunk.mjs:442:5)
Chrome Headless 144.0.0.0 (Windows 10): Executed 2 of 14[31m (2 FAILED)[39m (0 secs / 0.255 secs)
[1A[2KChrome Headless 144.0.0.0 (Windows 10): Executed 3 of 14[31m (2 FAILED)[39m (0 secs / 0.256 secs)
[1A[2KChrome Headless 144.0.0.0 (Windows 10): Executed 4 of 14[31m (2 FAILED)[39m (0 secs / 0.256 secs)
[1A[2K[31mChrome Headless 144.0.0.0 (Windows 10) CreateBlogComponent should create FAILED[39m
	╔╡NotFound: NG0201: No provider found for `InjectionToken ToastConfig`. Source: Standalone[CreateBlogComponent2]. Path: _ToastrService -> InjectionToken ToastConfig. Find more at https://v21.angular.dev/errors/NG0201
	error properties: Object({ code: -201, ngErrorCode: -201, ngErrorMessage: 'No provider found for `InjectionToken ToastConfig`.', ngTokenPath: [ '_ToastrService', 'InjectionToken ToastConfig' ] })
	╔╡NotFound: NG0201: No provider found for `InjectionToken ToastConfig`. Source: Standalone[CreateBlogComponent2]. Path: _ToastrService -> InjectionToken ToastConfig. Find more at https://v21.angular.dev/errors/NG0201
	    at createRuntimeError (node_modules/@angular/core/fesm2022/_untracked-chunk.mjs:600:17)
	    at NullInjector.get (node_modules/@angular/core/fesm2022/_untracked-chunk.mjs:881:21)
	    at R3Injector.get (node_modules/@angular/core/fesm2022/_untracked-chunk.mjs:1206:27)
	    at R3Injector.get (node_modules/@angular/core/fesm2022/_untracked-chunk.mjs:1206:27)
	    at R3Injector.retrieve (node_modules/@angular/core/fesm2022/_untracked-chunk.mjs:1116:19)
	    at injectInjectorOnly (node_modules/@angular/core/fesm2022/_untracked-chunk.mjs:670:35)
	    at ╔╡╔╡inject (node_modules/@angular/core/fesm2022/_untracked-chunk.mjs:682:40)
	    at Object._ToastrService_Factory [as factory] (ng:///_ToastrService/╔╡fac.js:4:58)
	    at node_modules/@angular/core/fesm2022/_untracked-chunk.mjs:1311:35
	    at runInInjectorProfilerContext (node_modules/@angular/core/fesm2022/_untracked-chunk.mjs:442:5)
Chrome Headless 144.0.0.0 (Windows 10): Executed 5 of 14[31m (3 FAILED)[39m (0 secs / 0.267 secs)
[1A[2KChrome Headless 144.0.0.0 (Windows 10): Executed 6 of 14[31m (3 FAILED)[39m (0 secs / 0.279 secs)
[1A[2KChrome Headless 144.0.0.0 (Windows 10): Executed 7 of 14[31m (3 FAILED)[39m (0 secs / 0.281 secs)
[1A[2K[31mChrome Headless 144.0.0.0 (Windows 10) ShowBlogComponent should create FAILED[39m
	╔╡NotFound: NG0201: No provider found for `ActivatedRoute`. Source: DynamicTestModule. Find more at https://v21.angular.dev/errors/NG0201
	error properties: Object({ code: -201, ngErrorCode: -201, ngErrorMessage: 'No provider found for `ActivatedRoute`.', ngTokenPath: [ 'ActivatedRoute' ] })
	╔╡NotFound: NG0201: No provider found for `ActivatedRoute`. Source: DynamicTestModule. Find more at https://v21.angular.dev/errors/NG0201
	    at createRuntimeError (node_modules/@angular/core/fesm2022/_untracked-chunk.mjs:600:17)
	    at NullInjector.get (node_modules/@angular/core/fesm2022/_untracked-chunk.mjs:881:21)
	    at R3Injector.get (node_modules/@angular/core/fesm2022/_untracked-chunk.mjs:1206:27)
	    at R3Injector.get (node_modules/@angular/core/fesm2022/_untracked-chunk.mjs:1206:27)
	    at ChainedInjector.get (node_modules/@angular/core/fesm2022/_debug_node-chunk.mjs:7493:32)
	    at lookupTokenUsingModuleInjector (node_modules/@angular/core/fesm2022/_debug_node-chunk.mjs:890:31)
	    at getOrCreateInjectable (node_modules/@angular/core/fesm2022/_debug_node-chunk.mjs:913:10)
	    at ╔╡╔╡directiveInject (node_modules/@angular/core/fesm2022/_debug_node-chunk.mjs:7527:17)
	    at NodeInjectorFactory.ShowBlogComponent2_Factory [as factory] (ng:///ShowBlogComponent2/╔╡fac.js:5:7)
	    at getNodeInjectable (node_modules/@angular/core/fesm2022/_debug_node-chunk.mjs:1043:38)
Chrome Headless 144.0.0.0 (Windows 10): Executed 8 of 14[31m (4 FAILED)[39m (0 secs / 0.293 secs)
[1A[2K[31mChrome Headless 144.0.0.0 (Windows 10) AppComponent should render title FAILED[39m
	Expected undefined to contain 'Hello, create-blog-frontend'.
	    at <Jasmine>
	    at UserContext.<anonymous> (src/app/app.component.spec.ts:27:55)
	    at _ZoneDelegate.invoke (node_modules/zone.js/fesm2015/zone.js:398:28)
	    at _ProxyZoneSpec.onInvoke (node_modules/zone.js/fesm2015/zone-testing.js:2132:39)
	    at _ZoneDelegate.invoke (node_modules/zone.js/fesm2015/zone.js:397:34)
Chrome Headless 144.0.0.0 (Windows 10): Executed 9 of 14[31m (5 FAILED)[39m (0 secs / 0.319 secs)
[1A[2KChrome Headless 144.0.0.0 (Windows 10): Executed 10 of 14[31m (5 FAILED)[39m (0 secs / 0.324 secs)
[1A[2KChrome Headless 144.0.0.0 (Windows 10): Executed 11 of 14[31m (5 FAILED)[39m (0 secs / 0.329 secs)
[1A[2KChrome Headless 144.0.0.0 (Windows 10): Executed 12 of 14[31m (5 FAILED)[39m (0 secs / 0.331 secs)
[1A[2KChrome Headless 144.0.0.0 (Windows 10): Executed 13 of 14[31m (5 FAILED)[39m (0 secs / 0.336 secs)
[1A[2K[31mChrome Headless 144.0.0.0 (Windows 10) LandingComponent should create FAILED[39m
	╔╡NotFound: NG0201: No provider found for `InjectionToken ToastConfig`. Source: Standalone[LandingComponent2]. Path: _ToastrService -> InjectionToken ToastConfig. Find more at https://v21.angular.dev/errors/NG0201
	error properties: Object({ code: -201, ngErrorCode: -201, ngErrorMessage: 'No provider found for `InjectionToken ToastConfig`.', ngTokenPath: [ '_ToastrService', 'InjectionToken ToastConfig' ] })
	╔╡NotFound: NG0201: No provider found for `InjectionToken ToastConfig`. Source: Standalone[LandingComponent2]. Path: _ToastrService -> InjectionToken ToastConfig. Find more at https://v21.angular.dev/errors/NG0201
	    at createRuntimeError (node_modules/@angular/core/fesm2022/_untracked-chunk.mjs:600:17)
	    at NullInjector.get (node_modules/@angular/core/fesm2022/_untracked-chunk.mjs:881:21)
	    at R3Injector.get (node_modules/@angular/core/fesm2022/_untracked-chunk.mjs:1206:27)
	    at R3Injector.get (node_modules/@angular/core/fesm2022/_untracked-chunk.mjs:1206:27)
	    at R3Injector.retrieve (node_modules/@angular/core/fesm2022/_untracked-chunk.mjs:1116:19)
	    at injectInjectorOnly (node_modules/@angular/core/fesm2022/_untracked-chunk.mjs:670:35)
	    at ╔╡╔╡inject (node_modules/@angular/core/fesm2022/_untracked-chunk.mjs:682:40)
	    at Object._ToastrService_Factory [as factory] (ng:///_ToastrService/╔╡fac.js:4:58)
	    at node_modules/@angular/core/fesm2022/_untracked-chunk.mjs:1311:35
	    at runInInjectorProfilerContext (node_modules/@angular/core/fesm2022/_untracked-chunk.mjs:442:5)
Chrome Headless 144.0.0.0 (Windows 10): Executed 14 of 14[31m (6 FAILED)[39m (0 secs / 0.36 secs)
[1A[2KChrome Headless 144.0.0.0 (Windows 10): Executed 14 of 14[31m (6 FAILED)[39m (0.394 secs / 0.36 secs)
[31mTOTAL: 6 FAILED, 8 SUCCESS[39m
